BL51 BANKED LINKER/LOCATER V6.22.4.0                                                    12/22/2025  22:31:04  PAGE 1


BL51 BANKED LINKER/LOCATER V6.22.4.0, INVOKED BY:
C:\KEIL_V5\C51\BIN\BL51.EXE .\Objects\STARTUP.obj, .\Objects\math.obj, .\Objects\uart.obj, .\Objects\RSA.obj, .\Objects\
>> main.obj TO .\Objects\RSA_8051 PRINT (.\Listings\RSA_8051.m51)


MEMORY MODEL: SMALL


INPUT MODULES INCLUDED:
  .\Objects\STARTUP.obj (?C_STARTUP)
  .\Objects\math.obj (MATH)
  .\Objects\uart.obj (UART)
  .\Objects\RSA.obj (RSA)
  .\Objects\main.obj (MAIN)
  C:\KEIL_V5\C51\LIB\C51S.LIB (?C_INIT)
  C:\KEIL_V5\C51\LIB\C51S.LIB (?C?COPY)
  C:\KEIL_V5\C51\LIB\C51S.LIB (?C?IMUL)
  C:\KEIL_V5\C51\LIB\C51S.LIB (?C?UIDIV)
  C:\KEIL_V5\C51\LIB\C51S.LIB (?C?ILDPTR)
  C:\KEIL_V5\C51\LIB\C51S.LIB (?C?ILDOPTR)
  C:\KEIL_V5\C51\LIB\C51S.LIB (?C?ISTPTR)
  C:\KEIL_V5\C51\LIB\C51S.LIB (?C?ISTOPTR)
  C:\KEIL_V5\C51\LIB\C51S.LIB (?C?LMUL)
  C:\KEIL_V5\C51\LIB\C51S.LIB (?C?ULDIV)
  C:\KEIL_V5\C51\LIB\C51S.LIB (?C?SLDIV)
  C:\KEIL_V5\C51\LIB\C51S.LIB (?C?SLCMP)


LINK MAP OF MODULE:  .\Objects\RSA_8051 (?C_STARTUP)


            TYPE    BASE      LENGTH    RELOCATION   SEGMENT NAME
            -----------------------------------------------------

            * * * * * * *   D A T A   M E M O R Y   * * * * * * *
            REG     0000H     0008H     ABSOLUTE     "REG BANK 0"
            DATA    0008H     002BH     UNIT         _DATA_GROUP_
            DATA    0033H     0007H     UNIT         ?DT?MAIN
            IDATA   003AH     0001H     UNIT         ?STACK

            * * * * * * *   C O D E   M E M O R Y   * * * * * * *
            CODE    0000H     0003H     ABSOLUTE     
                    0003H     07FDH                  *** GAP ***
            CODE    0800H     033FH     UNIT         ?C?LIB_CODE
            CODE    0B3FH     011FH     UNIT         ?PR?_MOD_INVERSE?MATH
            CODE    0C5EH     00E3H     UNIT         ?PR?_MOD_EXP?MATH
            CODE    0D41H     008CH     UNIT         ?C_C51STARTUP
            CODE    0DCDH     0088H     UNIT         ?PR?UART_RECEIVE_DECIMAL?UART
            CODE    0E55H     0082H     UNIT         ?PR?_RSA_GENERATE_KEY?RSA
            CODE    0ED7H     0078H     UNIT         ?PR?HANDLE_SETUP?MAIN
            CODE    0F4FH     0064H     UNIT         ?PR?MAIN?MAIN
            CODE    0FB3H     0044H     UNIT         ?C?LDIV
            CODE    0FF7H     003AH     UNIT         ?PR?_FERMAT_TEST?MATH
            CODE    1031H     002AH     UNIT         ?PR?_RSA_ENCRYPT?RSA
            CODE    105BH     002AH     UNIT         ?PR?_RSA_DECRYPT?RSA
            CODE    1085H     001DH     UNIT         ?PR?UART_RECEIVE_WORD?UART
            CODE    10A2H     0012H     UNIT         ?PR?_GCD?MATH
            CODE    10B4H     0011H     UNIT         ?PR?UART_INIT?UART
BL51 BANKED LINKER/LOCATER V6.22.4.0                                                  12/22/2025  22:31:04  PAGE 2


            CODE    10C5H     000EH     UNIT         ?PR?_UART_SEND_WORD?UART
            CODE    10D3H     0008H     UNIT         ?PR?_UART_SEND_BYTE?UART
            CODE    10DBH     0008H     UNIT         ?PR?UART_RECEIVE_BYTE?UART
            CODE    10E3H     0004H     UNIT         ?C_INITSEG
            CODE    10E7H     0003H     UNIT         ?CO?UART



OVERLAY MAP OF MODULE:   .\Objects\RSA_8051 (?C_STARTUP)


SEGMENT                                 DATA_GROUP 
  +--> CALLED SEGMENT                 START    LENGTH
-----------------------------------------------------
?C_C51STARTUP                         -----    -----
  +--> ?PR?MAIN?MAIN
  +--> ?C_INITSEG

?PR?MAIN?MAIN                         0008H    0004H
  +--> ?PR?UART_INIT?UART
  +--> ?PR?HANDLE_SETUP?MAIN
  +--> ?PR?UART_RECEIVE_BYTE?UART
  +--> ?PR?_RSA_ENCRYPT?RSA
  +--> ?PR?_UART_SEND_WORD?UART
  +--> ?PR?UART_RECEIVE_WORD?UART
  +--> ?PR?_RSA_DECRYPT?RSA

?PR?HANDLE_SETUP?MAIN                 000CH    0002H
  +--> ?PR?UART_RECEIVE_DECIMAL?UART
  +--> ?PR?_FERMAT_TEST?MATH
  +--> ?PR?_UART_SEND_BYTE?UART
  +--> ?PR?_RSA_GENERATE_KEY?RSA

?PR?UART_RECEIVE_DECIMAL?UART         000EH    0004H
  +--> ?CO?UART
  +--> ?PR?UART_RECEIVE_BYTE?UART

?PR?_FERMAT_TEST?MATH                 -----    -----
  +--> ?PR?_MOD_EXP?MATH

?PR?_MOD_EXP?MATH                     0014H    000BH

?PR?_RSA_GENERATE_KEY?RSA             000EH    000BH
  +--> ?PR?_GCD?MATH
  +--> ?PR?_MOD_INVERSE?MATH

?PR?_MOD_INVERSE?MATH                 0019H    001AH

?PR?_RSA_ENCRYPT?RSA                  000CH    0008H
  +--> ?PR?_MOD_EXP?MATH

?PR?_UART_SEND_WORD?UART              -----    -----
  +--> ?PR?_UART_SEND_BYTE?UART

?PR?UART_RECEIVE_WORD?UART            -----    -----
  +--> ?PR?UART_RECEIVE_BYTE?UART

BL51 BANKED LINKER/LOCATER V6.22.4.0                                                  12/22/2025  22:31:04  PAGE 3


?PR?_RSA_DECRYPT?RSA                  000CH    0008H
  +--> ?PR?_MOD_EXP?MATH



SYMBOL TABLE OF MODULE:  .\Objects\RSA_8051 (?C_STARTUP)

  VALUE           TYPE          NAME
  ----------------------------------

  -------         MODULE        ?C_STARTUP
  C:0D41H         SEGMENT       ?C_C51STARTUP
  I:003AH         SEGMENT       ?STACK
  C:0000H         PUBLIC        ?C_STARTUP
  D:00E0H         SYMBOL        ACC
  D:00F0H         SYMBOL        B
  D:0083H         SYMBOL        DPH
  D:0082H         SYMBOL        DPL
  N:0000H         SYMBOL        IBPSTACK
  N:0100H         SYMBOL        IBPSTACKTOP
  N:0080H         SYMBOL        IDATALEN
  C:0D44H         SYMBOL        IDATALOOP
  N:0000H         SYMBOL        PBPSTACK
  N:0100H         SYMBOL        PBPSTACKTOP
  N:0000H         SYMBOL        PDATALEN
  N:0000H         SYMBOL        PDATASTART
  N:0000H         SYMBOL        PPAGE
  N:0000H         SYMBOL        PPAGEENABLE
  D:00A0H         SYMBOL        PPAGE_SFR
  D:0081H         SYMBOL        SP
  C:0D41H         SYMBOL        STARTUP1
  N:0000H         SYMBOL        XBPSTACK
  N:0000H         SYMBOL        XBPSTACKTOP
  N:0000H         SYMBOL        XDATALEN
  N:0000H         SYMBOL        XDATASTART
  C:0000H         LINE#         126
  C:0D41H         LINE#         133
  C:0D43H         LINE#         134
  C:0D44H         LINE#         135
  C:0D45H         LINE#         136
  C:0D47H         LINE#         185
  C:0D4AH         LINE#         196
  -------         ENDMOD        ?C_STARTUP

  -------         MODULE        MATH
  C:0000H         SYMBOL        _ICE_DUMMY_
  C:0B3FH         PUBLIC        _mod_inverse
  C:0FF7H         PUBLIC        _fermat_test
  C:10A2H         PUBLIC        _gcd
  C:0C5EH         PUBLIC        _mod_exp
  -------         PROC          _MOD_EXP
  D:0014H         SYMBOL        base
  D:0016H         SYMBOL        exp
  D:0018H         SYMBOL        mod
  -------         DO            
  D:001AH         SYMBOL        exp_size
  D:001BH         SYMBOL        result
BL51 BANKED LINKER/LOCATER V6.22.4.0                                                  12/22/2025  22:31:04  PAGE 4


  -------         ENDDO         
  C:0C5EH         LINE#         7
  C:0C6AH         LINE#         8
  C:0C6AH         LINE#         9
  C:0C6DH         LINE#         11
  C:0C78H         LINE#         12
  C:0C82H         LINE#         15
  C:0C87H         LINE#         16
  C:0C92H         LINE#         17
  C:0C94H         LINE#         18
  C:0C96H         LINE#         21
  C:0CA1H         LINE#         22
  C:0CACH         LINE#         24
  C:0CBEH         LINE#         25
  C:0CF7H         LINE#         26
  C:0D2CH         LINE#         27
  C:0D37H         LINE#         28
  C:0D39H         LINE#         29
  C:0D3CH         LINE#         31
  C:0D40H         LINE#         32
  -------         ENDPROC       _MOD_EXP
  -------         PROC          _GCD
  D:0006H         SYMBOL        a
  D:0004H         SYMBOL        b
  -------         DO            
  D:0002H         SYMBOL        temp
  -------         ENDDO         
  C:10A2H         LINE#         55
  C:10A2H         LINE#         56
  C:10A2H         LINE#         59
  C:10A6H         LINE#         60
  C:10A6H         LINE#         61
  C:10AAH         LINE#         62
  C:10ADH         LINE#         63
  C:10B1H         LINE#         64
  C:10B3H         LINE#         65
  C:10B3H         LINE#         66
  -------         ENDPROC       _GCD
  -------         PROC          _MOD_INVERSE
  D:0002H         SYMBOL        e
  D:0019H         SYMBOL        phi
  -------         DO            
  D:001BH         SYMBOL        t
  D:001FH         SYMBOL        newt
  D:0023H         SYMBOL        r
  D:0027H         SYMBOL        newr
  D:002BH         SYMBOL        q
  D:002FH         SYMBOL        tmp
  -------         ENDDO         
  C:0B3FH         LINE#         72
  C:0B43H         LINE#         73
  C:0B43H         LINE#         74
  C:0B4CH         LINE#         75
  C:0B55H         LINE#         76
  C:0B5FH         LINE#         77
  C:0B67H         LINE#         81
  C:0B78H         LINE#         82
BL51 BANKED LINKER/LOCATER V6.22.4.0                                                  12/22/2025  22:31:04  PAGE 5


  C:0B93H         LINE#         85
  C:0B9FH         LINE#         86
  C:0BCDH         LINE#         87
  C:0BD9H         LINE#         90
  C:0BE5H         LINE#         91
  C:0C13H         LINE#         92
  C:0C1FH         LINE#         93
  C:0C22H         LINE#         96
  C:0C3AH         LINE#         99
  C:0C40H         LINE#         100
  C:0C59H         LINE#         101
  C:0C59H         LINE#         103
  C:0C5DH         LINE#         104
  -------         ENDPROC       _MOD_INVERSE
  -------         PROC          _FERMAT_TEST
  D:0007H         SYMBOL        x
  C:0FF7H         LINE#         108
  C:0FF7H         LINE#         110
  C:1000H         LINE#         111
  C:100BH         LINE#         114
  C:1012H         LINE#         118
  C:102BH         LINE#         119
  C:102EH         LINE#         120
  C:102EH         LINE#         122
  C:1030H         LINE#         123
  -------         ENDPROC       _FERMAT_TEST
  -------         ENDMOD        MATH

  -------         MODULE        UART
  C:0000H         SYMBOL        _ICE_DUMMY_
  B:0098H.0       PUBLIC        RI
  B:0098H.1       PUBLIC        TI
  C:10DBH         PUBLIC        uart_receive_byte
  C:1085H         PUBLIC        uart_receive_word
  D:0099H         PUBLIC        SBUF
  D:0098H         PUBLIC        SCON
  D:0089H         PUBLIC        TMOD
  C:0DCDH         PUBLIC        uart_receive_decimal
  C:10E7H         SYMBOL        _?ix1000
  D:008DH         PUBLIC        TH1
  D:008BH         PUBLIC        TL1
  C:10B4H         PUBLIC        uart_init
  B:0088H.6       PUBLIC        TR1
  C:10D3H         PUBLIC        _uart_send_byte
  C:10C5H         PUBLIC        _uart_send_word
  -------         PROC          UART_INIT
  C:10B4H         LINE#         6
  C:10B4H         LINE#         7
  C:10B7H         LINE#         8
  C:10BAH         LINE#         9
  C:10BDH         LINE#         10
  C:10C0H         LINE#         11
  C:10C2H         LINE#         12
  C:10C4H         LINE#         13
  -------         ENDPROC       UART_INIT
  -------         PROC          _UART_SEND_BYTE
  D:0007H         SYMBOL        c
BL51 BANKED LINKER/LOCATER V6.22.4.0                                                  12/22/2025  22:31:04  PAGE 6


  C:10D3H         LINE#         16
  C:10D3H         LINE#         17
  C:10D5H         LINE#         18
  C:10D8H         LINE#         19
  C:10DAH         LINE#         20
  -------         ENDPROC       _UART_SEND_BYTE
  -------         PROC          UART_RECEIVE_BYTE
  C:10DBH         LINE#         23
  C:10DBH         LINE#         24
  C:10DEH         LINE#         25
  C:10E0H         LINE#         26
  C:10E2H         LINE#         27
  -------         ENDPROC       UART_RECEIVE_BYTE
  -------         PROC          _UART_SEND_WORD
  D:0004H         SYMBOL        word
  C:10C5H         LINE#         32
  C:10C9H         LINE#         33
  C:10CEH         LINE#         34
  -------         ENDPROC       _UART_SEND_WORD
  -------         PROC          UART_RECEIVE_WORD
  -------         DO            
  D:0004H         SYMBOL        word
  -------         ENDDO         
  C:1085H         LINE#         38
  C:1085H         LINE#         40
  C:1090H         LINE#         41
  C:109DH         LINE#         42
  C:10A1H         LINE#         43
  -------         ENDPROC       UART_RECEIVE_WORD
  -------         PROC          UART_RECEIVE_DECIMAL
  -------         DO            
  D:0006H         SYMBOL        count
  D:000EH         SYMBOL        digits
  D:0011H         SYMBOL        received
  D:0004H         SYMBOL        result
  -------         ENDDO         
  C:0DCDH         LINE#         51
  C:0DCDH         LINE#         52
  C:0DCFH         LINE#         53
  C:0DDFH         LINE#         55
  C:0DE2H         LINE#         57
  C:0DE3H         LINE#         58
  C:0DE8H         LINE#         61
  C:0DF3H         LINE#         62
  C:0DF8H         LINE#         63
  C:0DF8H         LINE#         64
  C:0DF8H         LINE#         68
  C:0E03H         LINE#         69
  C:0E07H         LINE#         72
  C:0E0AH         LINE#         74
  C:0E0EH         LINE#         75
  C:0E10H         LINE#         76
  C:0E13H         LINE#         78
  C:0E22H         LINE#         79
  C:0E24H         LINE#         80
  C:0E27H         LINE#         82
  C:0E45H         LINE#         83
BL51 BANKED LINKER/LOCATER V6.22.4.0                                                  12/22/2025  22:31:04  PAGE 7


  C:0E45H         LINE#         85
  C:0E54H         LINE#         86
  -------         ENDPROC       UART_RECEIVE_DECIMAL
  -------         ENDMOD        UART

  -------         MODULE        RSA
  C:0000H         SYMBOL        _ICE_DUMMY_
  C:0E55H         PUBLIC        _rsa_generate_key
  C:105BH         PUBLIC        _rsa_decrypt
  C:1031H         PUBLIC        _rsa_encrypt
  -------         PROC          _RSA_GENERATE_KEY
  D:000EH         SYMBOL        p
  D:0001H         SYMBOL        q
  D:0010H         SYMBOL        e_val
  D:0012H         SYMBOL        key
  -------         DO            
  D:0015H         SYMBOL        n
  D:0017H         SYMBOL        phi
  D:0006H         SYMBOL        d
  -------         ENDDO         
  C:0E55H         LINE#         9
  C:0E5DH         LINE#         12
  C:0E68H         LINE#         13
  C:0E82H         LINE#         16
  C:0E9EH         LINE#         17
  C:0EA1H         LINE#         18
  C:0EA1H         LINE#         21
  C:0EACH         LINE#         23
  C:0EBAH         LINE#         24
  C:0ECBH         LINE#         25
  C:0ED4H         LINE#         27
  C:0ED6H         LINE#         28
  -------         ENDPROC       _RSA_GENERATE_KEY
  -------         PROC          _RSA_ENCRYPT
  D:0006H         SYMBOL        plaintext
  D:000EH         SYMBOL        ciphertext
  D:0011H         SYMBOL        key
  C:1031H         LINE#         30
  C:1037H         LINE#         31
  -------         ENDPROC       _RSA_ENCRYPT
  -------         PROC          _RSA_DECRYPT
  D:0006H         SYMBOL        ciphertext
  D:000EH         SYMBOL        plaintext
  D:0011H         SYMBOL        key
  C:105BH         LINE#         34
  C:1061H         LINE#         35
  -------         ENDPROC       _RSA_DECRYPT
  -------         ENDMOD        RSA

  -------         MODULE        MAIN
  C:0000H         SYMBOL        _ICE_DUMMY_
  D:00A0H         PUBLIC        P2
  D:00B0H         PUBLIC        P3
  C:0ED7H         PUBLIC        handle_setup
  C:0F4FH         PUBLIC        main
  D:0033H         PUBLIC        setup_done
  B:00A0H.0       PUBLIC        ERROR_LED
BL51 BANKED LINKER/LOCATER V6.22.4.0                                                  12/22/2025  22:31:04  PAGE 8


  D:0034H         PUBLIC        key
  B:00A0H.1       PUBLIC        E_ERROR_LED
  B:00B0H.4       PUBLIC        OP_PIN
  B:00B0H.3       PUBLIC        MODE_PIN
  -------         PROC          HANDLE_SETUP
  -------         DO            
  D:000CH         SYMBOL        p_val
  D:000DH         SYMBOL        q_val
  D:0002H         SYMBOL        e_val
  -------         ENDDO         
  C:0ED7H         LINE#         16
  C:0ED7H         LINE#         21
  C:0EDDH         LINE#         24
  C:0EDDH         LINE#         25
  C:0EE2H         LINE#         26
  C:0EE8H         LINE#         27
  C:0EEAH         LINE#         28
  C:0EEFH         LINE#         29
  C:0EF1H         LINE#         30
  C:0EF3H         LINE#         31
  C:0EF3H         LINE#         32
  C:0EF5H         LINE#         33
  C:0EFAH         LINE#         34
  C:0EFAH         LINE#         35
  C:0EFCH         LINE#         38
  C:0EFCH         LINE#         39
  C:0F01H         LINE#         40
  C:0F07H         LINE#         41
  C:0F09H         LINE#         42
  C:0F0BH         LINE#         43
  C:0F0DH         LINE#         44
  C:0F0DH         LINE#         45
  C:0F0FH         LINE#         46
  C:0F14H         LINE#         47
  C:0F14H         LINE#         48
  C:0F16H         LINE#         51
  C:0F16H         LINE#         52
  C:0F1DH         LINE#         53
  C:0F30H         LINE#         54
  C:0F32H         LINE#         55
  C:0F37H         LINE#         56
  C:0F3CH         LINE#         57
  C:0F41H         LINE#         58
  C:0F44H         LINE#         59
  C:0F45H         LINE#         60
  C:0F45H         LINE#         61
  C:0F47H         LINE#         62
  C:0F4CH         LINE#         63
  C:0F4CH         LINE#         64
  C:0F4EH         LINE#         65
  -------         ENDPROC       HANDLE_SETUP
  -------         PROC          MAIN
  -------         DO            
  D:0008H         SYMBOL        data_in
  D:000AH         SYMBOL        data_out
  -------         ENDDO         
  C:0F4FH         LINE#         67
BL51 BANKED LINKER/LOCATER V6.22.4.0                                                  12/22/2025  22:31:04  PAGE 9


  C:0F4FH         LINE#         70
  C:0F52H         LINE#         71
  C:0F54H         LINE#         72
  C:0F56H         LINE#         74
  C:0F56H         LINE#         75
  C:0F59H         LINE#         77
  C:0F5DH         LINE#         78
  C:0F60H         LINE#         79
  C:0F60H         LINE#         80
  C:0F62H         LINE#         82
  C:0F67H         LINE#         83
  C:0F6AH         LINE#         86
  C:0F75H         LINE#         87
  C:0F88H         LINE#         89
  C:0F8FH         LINE#         90
  C:0F91H         LINE#         91
  C:0F91H         LINE#         94
  C:0F98H         LINE#         95
  C:0FAAH         LINE#         97
  C:0FB1H         LINE#         98
  C:0FB1H         LINE#         99
  C:0FB1H         LINE#         100
  C:0FB1H         LINE#         101
  -------         ENDPROC       MAIN
  -------         ENDMOD        MAIN

  -------         MODULE        ?C?COPY
  C:08D0H         PUBLIC        ?C?COPY
  -------         ENDMOD        ?C?COPY

  -------         MODULE        ?C?IMUL
  C:08F6H         PUBLIC        ?C?IMUL
  -------         ENDMOD        ?C?IMUL

  -------         MODULE        ?C?UIDIV
  C:0908H         PUBLIC        ?C?UIDIV
  -------         ENDMOD        ?C?UIDIV

  -------         MODULE        ?C?ILDPTR
  C:095DH         PUBLIC        ?C?ILDPTR
  -------         ENDMOD        ?C?ILDPTR

  -------         MODULE        ?C?ILDOPTR
  C:0988H         PUBLIC        ?C?ILDOPTR
  -------         ENDMOD        ?C?ILDOPTR

  -------         MODULE        ?C?ISTPTR
  C:09C0H         PUBLIC        ?C?ISTPTR
  -------         ENDMOD        ?C?ISTPTR

  -------         MODULE        ?C?ISTOPTR
  C:09DFH         PUBLIC        ?C?ISTOPTR
  -------         ENDMOD        ?C?ISTOPTR

  -------         MODULE        ?C?LMUL
  C:0A0CH         PUBLIC        ?C?LMUL
  -------         ENDMOD        ?C?LMUL
BL51 BANKED LINKER/LOCATER V6.22.4.0                                                  12/22/2025  22:31:04  PAGE 10



  -------         MODULE        ?C?ULDIV
  C:0A97H         PUBLIC        ?C?ULDIV
  -------         ENDMOD        ?C?ULDIV

  -------         MODULE        ?C?SLDIV
  C:0FB3H         PUBLIC        ?C?SLDIV
  -------         ENDMOD        ?C?SLDIV

  -------         MODULE        ?C?SLCMP
  C:0B29H         PUBLIC        ?C?SLCMP
  -------         ENDMOD        ?C?SLCMP

******************************************************************************
* RESTRICTED VERSION WITH 0800H BYTE CODE SIZE LIMIT; USED: 04E9H BYTE (61%) *
******************************************************************************

Program Size: data=59.0 xdata=0 code=2285
LINK/LOCATE RUN COMPLETE.  0 WARNING(S),  0 ERROR(S)
